[97m[2026-04-25 10:56:09,662] [INFO] [src.systems.log_system] LOGGING_CONFIGURED | level_name='DEBUG' | console_colors=True | file_logging=True | ansi_in_file=True | biota_logging=True | biota_file_logging=True[0m
[32m[2026-04-25 10:56:09,667] [INFO] [src.world.tiled_loader] MAP_LOADED | map_id='vertical_slice_01' | width=360 | height=36 | tile_width=16 | tile_height=16 | tile_layers=3 | object_layers=11[0m
[32m[2026-04-25 10:56:09,667] [INFO] [src.core.project_validation] PROJECT_VALIDATION_PASSED[0m
[33m[2026-04-25 10:56:09,760] [INFO] [src.systems.localization_system] I18N_BUNDLE_LOADED | language='eng' | file='eng.lng' | entries=248[0m
[33m[2026-04-25 10:56:09,760] [INFO] [src.systems.localization_system] I18N_BUNDLE_LOADED | language='ukr' | file='ukr.lng' | entries=248[0m
[33m[2026-04-25 10:56:09,761] [INFO] [src.systems.localization_system] I18N_BUNDLE_LOADED | language='rus' | file='rus.lng' | entries=248[0m
[95m[2026-04-25 10:56:09,762] [INFO] [src.ui.text_renderer] FONT_LOADED | file='PressStart2P-Regular.ttf' | glyphs=170 | base_size=8 | spacing=1.0[0m
[36m[2026-04-25 10:56:09,762] [INFO] [src.systems.camera_system] CAMERA_PROFILE_CHANGED | previous='default_exploration' | current='default_exploration' | trigger='none' | zoom=1.0 | follow_speed=0.085 | look_ahead_x=22.0[0m
[36m[2026-04-25 10:56:09,762] [INFO] [src.systems.camera_system] CAMERA_RENDER_PIXEL_SNAP_ENABLED[0m
[32m[2026-04-25 10:56:09,763] [INFO] [src.systems.journal_system] JOURNAL_ENTRIES_LOADED | entries=20[0m
[32m[2026-04-25 10:56:09,768] [INFO] [src.world.tiled_loader] MAP_LOADED | map_id='vertical_slice_01' | width=360 | height=36 | tile_width=16 | tile_height=16 | tile_layers=3 | object_layers=11[0m
[32m[2026-04-25 10:56:09,768] [INFO] [src.core.game] START_MAP_LOADED | path='/home/dimas/Downloads/v8_settings_ascii_arrows_fix_full/assets/maps/vertical_slice_01.tmx' | map_id='vertical_slice_01'[0m
[37m[2026-04-25 10:56:09,769] [INFO] [src.core.game] PLAYER_SPAWNED | x=72.0 | y=432.0[0m
[92m[2026-04-25 10:56:09,769] [INFO] [src.core.game] GAME_INITIALIZED | map_id='vertical_slice_01'[0m
[92m[2026-04-25 10:56:09,769] [INFO] [src.core.app] APP_STARTED | window_width=1920 | window_height=1080 | internal_width=960 | internal_height=540 | pause_on_focus_lost=True | max_delta_time=0.0333333333[0m
[92m[2026-04-25 10:56:09,769] [INFO] [src.core.app] APP_FOCUS_GAINED[0m
[36m[2026-04-25 10:56:09,769] [INFO] [src.systems.camera_system] CAMERA_PROFILE_CHANGED | previous='default_exploration' | current='recovery_pocket' | trigger='crash_wake_safe_start' | zoom=1.08 | follow_speed=0.075 | look_ahead_x=18.0[0m
[92m[2026-04-25 10:56:09,791] [DEBUG] [src.core.app] APP_DELTA_TIME_CLAMPED | raw_delta_time=0.042124 | clamped_delta_time=0.033333[0m
[34m[2026-04-25 10:56:11,094] [DEBUG] [src.core.game] USER_JUMPED | x=72.0 | y=432.0 | velocity_y=-255.0[0m
[94m[2026-04-25 10:56:11,445] [DEBUG] [src.systems.interaction_system] INTERACTION_AVAILABLE | target='capsule_wake_point' | distance_sq=1118.759[0m
[97m[2026-04-25 10:56:11,445] [DEBUG] [src.systems.interaction_system] BIOTA_OBSERVATION_CAPSULE_WAKE_POINT_PLAYER_NEARBY | distance_sq=1118.759 | entity='capsule_wake_point'[0m
[94m[2026-04-25 10:56:11,624] [DEBUG] [src.systems.interaction_system] INTERACTION_TARGET_LOST | target='capsule_wake_point'[0m
[94m[2026-04-25 10:56:11,861] [DEBUG] [src.systems.interaction_system] INTERACTION_AVAILABLE | target='capsule_wake_point' | distance_sq=1132.639[0m
[97m[2026-04-25 10:56:11,861] [DEBUG] [src.systems.interaction_system] BIOTA_OBSERVATION_CAPSULE_WAKE_POINT_PLAYER_NEARBY | distance_sq=1132.639 | entity='capsule_wake_point'[0m
[34m[2026-04-25 10:56:11,881] [DEBUG] [src.core.game] USER_JUMPED | x=113.57698380947113 | y=432.0 | velocity_y=-255.0[0m
[94m[2026-04-25 10:56:12,365] [DEBUG] [src.systems.interaction_system] INTERACTION_TARGET_LOST | target='capsule_wake_point'[0m
[34m[2026-04-25 10:56:12,661] [DEBUG] [src.core.game] USER_JUMPED | x=153.8744017481804 | y=432.0 | velocity_y=-255.0[0m
[94m[2026-04-25 10:56:13,032] [DEBUG] [src.systems.interaction_system] INTERACTION_AVAILABLE | target='ash_milk_fern_01' | distance_sq=1052.444[0m
[97m[2026-04-25 10:56:13,032] [DEBUG] [src.systems.interaction_system] BIOTA_FLORA_ASH_MILK_FERN_PLAYER_NEARBY | distance_sq=1052.444 | entity='ash_milk_fern_01'[0m
[94m[2026-04-25 10:56:14,544] [INFO] [src.systems.interaction_system] INTERACTION_EXECUTED | target='ash_milk_fern_01' | interaction_id='seal_small_wounds' | removed_statuses=() | applied_statuses=[] | health_delta=8[0m
[97m[2026-04-25 10:56:14,544] [INFO] [src.systems.interaction_system] BIOTA_FLORA_ASH_MILK_FERN_INTERACTED | interaction_id='seal_small_wounds' | entity='ash_milk_fern_01'[0m
[32m[2026-04-25 10:56:14,544] [INFO] [src.systems.journal_system] JOURNAL_ENTRY_UNLOCKED | entry_id='disc.ash_milk_fern'[0m
[94m[2026-04-25 10:56:14,566] [DEBUG] [src.systems.interaction_system] INTERACTION_TARGET_LOST | target='ash_milk_fern_01'[0m
[94m[2026-04-25 10:56:15,875] [DEBUG] [src.systems.interaction_system] INTERACTION_AVAILABLE | target='capsule_wake_point' | distance_sq=1141.296[0m
[97m[2026-04-25 10:56:15,876] [DEBUG] [src.systems.interaction_system] BIOTA_OBSERVATION_CAPSULE_WAKE_POINT_PLAYER_NEARBY | distance_sq=1141.296 | entity='capsule_wake_point'[0m
[32m[2026-04-25 10:56:16,998] [INFO] [src.core.game] COMMUNICATOR_TOGGLED | open=True[0m
[32m[2026-04-25 10:56:18,974] [INFO] [src.core.game] COMMUNICATOR_CLOSED[0m
[32m[2026-04-25 10:56:19,593] [INFO] [src.core.game] COMMUNICATOR_TOGGLED | open=True[0m
[32m[2026-04-25 10:56:20,670] [INFO] [src.core.game] QUIT_REQUESTED_FROM_COMMUNICATOR[0m
[95m[2026-04-25 10:56:20,692] [DEBUG] [src.ui.text_renderer] FONT_UNLOADED | file='assets/fonts/PressStart2P-Regular.ttf'[0m
[92m[2026-04-25 10:56:20,716] [INFO] [src.core.app] APP_STOPPED[0m
[97m[2026-04-25 10:56:45,382] [INFO] [src.systems.log_system] LOGGING_CONFIGURED | level_name='DEBUG' | console_colors=True | file_logging=True | ansi_in_file=True | biota_logging=True | biota_file_logging=True[0m
[32m[2026-04-25 10:56:45,388] [INFO] [src.world.tiled_loader] MAP_LOADED | map_id='vertical_slice_01' | width=360 | height=36 | tile_width=16 | tile_height=16 | tile_layers=3 | object_layers=11[0m
[32m[2026-04-25 10:56:45,388] [INFO] [src.core.project_validation] PROJECT_VALIDATION_PASSED[0m
[33m[2026-04-25 10:56:45,478] [INFO] [src.systems.localization_system] I18N_BUNDLE_LOADED | language='eng' | file='eng.lng' | entries=248[0m
[33m[2026-04-25 10:56:45,478] [INFO] [src.systems.localization_system] I18N_BUNDLE_LOADED | language='ukr' | file='ukr.lng' | entries=248[0m
[33m[2026-04-25 10:56:45,478] [INFO] [src.systems.localization_system] I18N_BUNDLE_LOADED | language='rus' | file='rus.lng' | entries=248[0m
[95m[2026-04-25 10:56:45,480] [INFO] [src.ui.text_renderer] FONT_LOADED | file='PressStart2P-Regular.ttf' | glyphs=170 | base_size=8 | spacing=1.0[0m
[36m[2026-04-25 10:56:45,480] [INFO] [src.systems.camera_system] CAMERA_PROFILE_CHANGED | previous='default_exploration' | current='default_exploration' | trigger='none' | zoom=1.0 | follow_speed=0.085 | look_ahead_x=22.0[0m
[36m[2026-04-25 10:56:45,480] [INFO] [src.systems.camera_system] CAMERA_RENDER_PIXEL_SNAP_ENABLED[0m
[32m[2026-04-25 10:56:45,481] [INFO] [src.systems.journal_system] JOURNAL_ENTRIES_LOADED | entries=20[0m
[32m[2026-04-25 10:56:45,486] [INFO] [src.world.tiled_loader] MAP_LOADED | map_id='vertical_slice_01' | width=360 | height=36 | tile_width=16 | tile_height=16 | tile_layers=3 | object_layers=11[0m
[32m[2026-04-25 10:56:45,486] [INFO] [src.core.game] START_MAP_LOADED | path='/home/dimas/Downloads/v8_settings_ascii_arrows_fix_full/assets/maps/vertical_slice_01.tmx' | map_id='vertical_slice_01'[0m
[37m[2026-04-25 10:56:45,487] [INFO] [src.core.game] PLAYER_SPAWNED | x=72.0 | y=432.0[0m
[92m[2026-04-25 10:56:45,487] [INFO] [src.core.game] GAME_INITIALIZED | map_id='vertical_slice_01'[0m
[92m[2026-04-25 10:56:45,487] [INFO] [src.core.app] APP_STARTED | window_width=1920 | window_height=1080 | internal_width=960 | internal_height=540 | pause_on_focus_lost=True | max_delta_time=0.0333333333[0m
[92m[2026-04-25 10:56:45,487] [INFO] [src.core.app] APP_FOCUS_GAINED[0m
[36m[2026-04-25 10:56:45,487] [INFO] [src.systems.camera_system] CAMERA_PROFILE_CHANGED | previous='default_exploration' | current='recovery_pocket' | trigger='crash_wake_safe_start' | zoom=1.08 | follow_speed=0.075 | look_ahead_x=18.0[0m
[92m[2026-04-25 10:56:45,520] [DEBUG] [src.core.app] APP_DELTA_TIME_CLAMPED | raw_delta_time=0.04489 | clamped_delta_time=0.033333[0m
[32m[2026-04-25 10:56:47,069] [INFO] [src.core.game] DEBUG_OVERLAY_TOGGLED | enabled=True[0m
[94m[2026-04-25 10:56:50,935] [DEBUG] [src.systems.interaction_system] INTERACTION_AVAILABLE | target='capsule_wake_point' | distance_sq=1150.99[0m
[97m[2026-04-25 10:56:50,935] [DEBUG] [src.systems.interaction_system] BIOTA_OBSERVATION_CAPSULE_WAKE_POINT_PLAYER_NEARBY | distance_sq=1150.99 | entity='capsule_wake_point'[0m
[94m[2026-04-25 10:56:51,176] [DEBUG] [src.systems.interaction_system] INTERACTION_TARGET_LOST | target='capsule_wake_point'[0m
[94m[2026-04-25 10:56:52,165] [DEBUG] [src.systems.interaction_system] INTERACTION_AVAILABLE | target='capsule_wake_point' | distance_sq=1118.632[0m
[97m[2026-04-25 10:56:52,165] [DEBUG] [src.systems.interaction_system] BIOTA_OBSERVATION_CAPSULE_WAKE_POINT_PLAYER_NEARBY | distance_sq=1118.632 | entity='capsule_wake_point'[0m
[94m[2026-04-25 10:56:52,386] [DEBUG] [src.systems.interaction_system] INTERACTION_TARGET_LOST | target='capsule_wake_point'[0m
[94m[2026-04-25 10:56:53,438] [DEBUG] [src.systems.interaction_system] INTERACTION_AVAILABLE | target='capsule_wake_point' | distance_sq=1119.109[0m
[97m[2026-04-25 10:56:53,438] [DEBUG] [src.systems.interaction_system] BIOTA_OBSERVATION_CAPSULE_WAKE_POINT_PLAYER_NEARBY | distance_sq=1119.109 | entity='capsule_wake_point'[0m
[32m[2026-04-25 10:56:54,647] [INFO] [src.core.game] DEBUG_OVERLAY_TOGGLED | enabled=False[0m
[94m[2026-04-25 10:56:55,343] [DEBUG] [src.systems.interaction_system] INTERACTION_TARGET_LOST | target='capsule_wake_point'[0m
[32m[2026-04-25 10:56:56,357] [INFO] [src.core.game] FLASHLIGHT_MODE_CHANGED | mode='radial'[0m
[32m[2026-04-25 10:56:56,601] [INFO] [src.core.game] FLASHLIGHT_MODE_CHANGED | mode='beam'[0m
[32m[2026-04-25 10:56:57,181] [INFO] [src.core.game] FLASHLIGHT_MODE_CHANGED | mode='off'[0m
[34m[2026-04-25 10:57:04,978] [DEBUG] [src.core.game] USER_JUMPED | x=153.97258579730988 | y=432.0 | velocity_y=-255.0[0m
[94m[2026-04-25 10:57:05,044] [DEBUG] [src.systems.interaction_system] INTERACTION_AVAILABLE | target='capsule_wake_point' | distance_sq=1095.767[0m
[97m[2026-04-25 10:57:05,044] [DEBUG] [src.systems.interaction_system] BIOTA_OBSERVATION_CAPSULE_WAKE_POINT_PLAYER_NEARBY | distance_sq=1095.767 | entity='capsule_wake_point'[0m
[94m[2026-04-25 10:57:05,435] [DEBUG] [src.systems.interaction_system] INTERACTION_TARGET_LOST | target='capsule_wake_point'[0m
[94m[2026-04-25 10:57:05,892] [DEBUG] [src.systems.interaction_system] INTERACTION_AVAILABLE | target='capsule_wake_point' | distance_sq=1145.572[0m
[97m[2026-04-25 10:57:05,893] [DEBUG] [src.systems.interaction_system] BIOTA_OBSERVATION_CAPSULE_WAKE_POINT_PLAYER_NEARBY | distance_sq=1145.572 | entity='capsule_wake_point'[0m
[34m[2026-04-25 10:57:05,960] [DEBUG] [src.core.game] USER_JUMPED | x=130.65098422765732 | y=432.0 | velocity_y=-255.0[0m
[94m[2026-04-25 10:57:05,982] [INFO] [src.systems.interaction_system] INTERACTION_EXECUTED | target='capsule_wake_point' | interaction_id='inspect_poi' | removed_statuses=() | applied_statuses=[] | health_delta=0[0m
[97m[2026-04-25 10:57:05,982] [INFO] [src.systems.interaction_system] BIOTA_OBSERVATION_CAPSULE_WAKE_POINT_INTERACTED | interaction_id='inspect_poi' | entity='capsule_wake_point'[0m
[32m[2026-04-25 10:57:05,982] [INFO] [src.systems.journal_system] JOURNAL_ENTRY_UNLOCKED | entry_id='disc.capsule_wake_point'[0m
[94m[2026-04-25 10:57:07,220] [DEBUG] [src.systems.interaction_system] INTERACTION_TARGET_LOST | target='capsule_wake_point'[0m
[92m[2026-04-25 10:57:07,368] [DEBUG] [src.core.app] APP_DELTA_TIME_CLAMPED | raw_delta_time=0.034291 | clamped_delta_time=0.033333[0m
[94m[2026-04-25 10:57:07,549] [DEBUG] [src.systems.interaction_system] INTERACTION_AVAILABLE | target='ash_milk_fern_01' | distance_sq=1016.624[0m
[97m[2026-04-25 10:57:07,549] [DEBUG] [src.systems.interaction_system] BIOTA_FLORA_ASH_MILK_FERN_PLAYER_NEARBY | distance_sq=1016.624 | entity='ash_milk_fern_01'[0m
[94m[2026-04-25 10:57:07,848] [INFO] [src.systems.interaction_system] INTERACTION_EXECUTED | target='ash_milk_fern_01' | interaction_id='seal_small_wounds' | removed_statuses=() | applied_statuses=[] | health_delta=8[0m
[97m[2026-04-25 10:57:07,848] [INFO] [src.systems.interaction_system] BIOTA_FLORA_ASH_MILK_FERN_INTERACTED | interaction_id='seal_small_wounds' | entity='ash_milk_fern_01'[0m
[32m[2026-04-25 10:57:07,848] [INFO] [src.systems.journal_system] JOURNAL_ENTRY_UNLOCKED | entry_id='disc.ash_milk_fern'[0m
[94m[2026-04-25 10:57:07,871] [DEBUG] [src.systems.interaction_system] INTERACTION_TARGET_LOST | target='ash_milk_fern_01'[0m
[94m[2026-04-25 10:57:09,020] [DEBUG] [src.systems.interaction_system] INTERACTION_AVAILABLE | target='clean_morning_dew_cluster' | distance_sq=1119.028[0m
[97m[2026-04-25 10:57:09,020] [DEBUG] [src.systems.interaction_system] BIOTA_OBSERVATION_UNKNOWN_OBSERVATION_PLAYER_NEARBY | distance_sq=1119.028 | entity='clean_morning_dew_cluster'[0m
[94m[2026-04-25 10:57:10,317] [DEBUG] [src.systems.interaction_system] INTERACTION_AVAILABLE | target='halo_tear_succulent_01' | distance_sq=178.481[0m
[97m[2026-04-25 10:57:10,318] [DEBUG] [src.systems.interaction_system] BIOTA_FLORA_HALO_TEAR_SUCCULENT_PLAYER_NEARBY | distance_sq=178.481 | entity='halo_tear_succulent_01'[0m
[94m[2026-04-25 10:57:12,453] [INFO] [src.systems.interaction_system] INTERACTION_EXECUTED | target='halo_tear_succulent_01' | interaction_id='clean_bio_slime' | removed_statuses=() | applied_statuses=[] | health_delta=0[0m
[97m[2026-04-25 10:57:12,454] [INFO] [src.systems.interaction_system] BIOTA_FLORA_HALO_TEAR_SUCCULENT_INTERACTED | interaction_id='clean_bio_slime' | entity='halo_tear_succulent_01'[0m
[32m[2026-04-25 10:57:12,454] [INFO] [src.systems.journal_system] JOURNAL_ENTRY_UNLOCKED | entry_id='disc.halo_tear_succulent'[0m
[94m[2026-04-25 10:57:12,476] [DEBUG] [src.systems.interaction_system] INTERACTION_AVAILABLE | target='clean_morning_dew_cluster' | distance_sq=196.697[0m
[97m[2026-04-25 10:57:12,476] [DEBUG] [src.systems.interaction_system] BIOTA_OBSERVATION_UNKNOWN_OBSERVATION_PLAYER_NEARBY | distance_sq=196.697 | entity='clean_morning_dew_cluster'[0m
[92m[2026-04-25 10:57:13,185] [WARNING] [src.core.app] APP_FOCUS_LOST[0m
[92m[2026-04-25 10:57:19,190] [INFO] [src.core.app] APP_FOCUS_GAINED[0m
[32m[2026-04-25 10:57:22,226] [INFO] [src.core.game] COMMUNICATOR_TOGGLED | open=True[0m
[32m[2026-04-25 10:57:30,390] [INFO] [src.core.game] QUIT_REQUESTED_FROM_COMMUNICATOR[0m
[95m[2026-04-25 10:57:30,413] [DEBUG] [src.ui.text_renderer] FONT_UNLOADED | file='assets/fonts/PressStart2P-Regular.ttf'[0m
[92m[2026-04-25 10:57:30,426] [INFO] [src.core.app] APP_STOPPED[0m
[97m[2026-04-25 11:06:29,125] [INFO] [src.systems.log_system] LOGGING_CONFIGURED | level_name='DEBUG' | console_colors=True | file_logging=True | ansi_in_file=True | biota_logging=True | biota_file_logging=True[0m
[32m[2026-04-25 11:06:29,130] [INFO] [src.world.tiled_loader] MAP_LOADED | map_id='vertical_slice_01' | width=360 | height=36 | tile_width=16 | tile_height=16 | tile_layers=3 | object_layers=11[0m
[32m[2026-04-25 11:06:29,131] [INFO] [src.core.project_validation] PROJECT_VALIDATION_PASSED[0m
[33m[2026-04-25 11:06:29,214] [INFO] [src.systems.localization_system] I18N_BUNDLE_LOADED | language='eng' | file='eng.lng' | entries=248[0m
[33m[2026-04-25 11:06:29,215] [INFO] [src.systems.localization_system] I18N_BUNDLE_LOADED | language='ukr' | file='ukr.lng' | entries=248[0m
[33m[2026-04-25 11:06:29,215] [INFO] [src.systems.localization_system] I18N_BUNDLE_LOADED | language='rus' | file='rus.lng' | entries=248[0m
[95m[2026-04-25 11:06:29,217] [INFO] [src.ui.text_renderer] FONT_LOADED | file='PressStart2P-Regular.ttf' | glyphs=170 | base_size=8 | spacing=1.0[0m
[36m[2026-04-25 11:06:29,217] [INFO] [src.systems.camera_system] CAMERA_PROFILE_CHANGED | previous='default_exploration' | current='default_exploration' | trigger='none' | zoom=1.0 | follow_speed=0.085 | look_ahead_x=22.0[0m
[36m[2026-04-25 11:06:29,217] [INFO] [src.systems.camera_system] CAMERA_RENDER_PIXEL_SNAP_ENABLED[0m
[32m[2026-04-25 11:06:29,218] [INFO] [src.systems.journal_system] JOURNAL_ENTRIES_LOADED | entries=20[0m
[32m[2026-04-25 11:06:29,224] [INFO] [src.world.tiled_loader] MAP_LOADED | map_id='vertical_slice_01' | width=360 | height=36 | tile_width=16 | tile_height=16 | tile_layers=3 | object_layers=11[0m
[32m[2026-04-25 11:06:29,224] [INFO] [src.core.game] START_MAP_LOADED | path='/home/dimas/Downloads/v8_hud_centered_layout_fix_full/assets/maps/vertical_slice_01.tmx' | map_id='vertical_slice_01'[0m
[37m[2026-04-25 11:06:29,225] [INFO] [src.core.game] PLAYER_SPAWNED | x=72.0 | y=432.0[0m
[92m[2026-04-25 11:06:29,225] [INFO] [src.core.game] GAME_INITIALIZED | map_id='vertical_slice_01'[0m
[92m[2026-04-25 11:06:29,225] [INFO] [src.core.app] APP_STARTED | window_width=1920 | window_height=1080 | internal_width=960 | internal_height=540 | pause_on_focus_lost=True | max_delta_time=0.0333333333[0m
[92m[2026-04-25 11:06:29,225] [INFO] [src.core.app] APP_FOCUS_GAINED[0m
[36m[2026-04-25 11:06:29,225] [INFO] [src.systems.camera_system] CAMERA_PROFILE_CHANGED | previous='default_exploration' | current='recovery_pocket' | trigger='crash_wake_safe_start' | zoom=1.08 | follow_speed=0.075 | look_ahead_x=18.0[0m
[92m[2026-04-25 11:06:29,257] [DEBUG] [src.core.app] APP_DELTA_TIME_CLAMPED | raw_delta_time=0.046528 | clamped_delta_time=0.033333[0m
[34m[2026-04-25 11:06:31,392] [DEBUG] [src.core.game] USER_JUMPED | x=72.0 | y=432.0 | velocity_y=-255.0[0m
[34m[2026-04-25 11:06:32,124] [DEBUG] [src.core.game] USER_JUMPED | x=111.2722327709198 | y=432.0 | velocity_y=-255.0[0m
[94m[2026-04-25 11:06:32,125] [DEBUG] [src.systems.interaction_system] INTERACTION_AVAILABLE | target='capsule_wake_point' | distance_sq=838.827[0m
[97m[2026-04-25 11:06:32,125] [DEBUG] [src.systems.interaction_system] BIOTA_OBSERVATION_CAPSULE_WAKE_POINT_PLAYER_NEARBY | distance_sq=838.827 | entity='capsule_wake_point'[0m
[34m[2026-04-25 11:06:33,007] [DEBUG] [src.core.game] USER_JUMPED | x=125.82226306200027 | y=432.0 | velocity_y=-255.0[0m
[94m[2026-04-25 11:06:33,521] [DEBUG] [src.systems.interaction_system] INTERACTION_TARGET_LOST | target='capsule_wake_point'[0m
[94m[2026-04-25 11:06:34,168] [DEBUG] [src.systems.interaction_system] INTERACTION_AVAILABLE | target='ash_milk_fern_01' | distance_sq=1087.195[0m
[97m[2026-04-25 11:06:34,169] [DEBUG] [src.systems.interaction_system] BIOTA_FLORA_ASH_MILK_FERN_PLAYER_NEARBY | distance_sq=1087.195 | entity='ash_milk_fern_01'[0m
[94m[2026-04-25 11:06:35,327] [INFO] [src.systems.interaction_system] INTERACTION_EXECUTED | target='ash_milk_fern_01' | interaction_id='seal_small_wounds' | removed_statuses=() | applied_statuses=[] | health_delta=8[0m
[97m[2026-04-25 11:06:35,327] [INFO] [src.systems.interaction_system] BIOTA_FLORA_ASH_MILK_FERN_INTERACTED | interaction_id='seal_small_wounds' | entity='ash_milk_fern_01'[0m
[32m[2026-04-25 11:06:35,328] [INFO] [src.systems.journal_system] JOURNAL_ENTRY_UNLOCKED | entry_id='disc.ash_milk_fern'[0m
[94m[2026-04-25 11:06:35,350] [DEBUG] [src.systems.interaction_system] INTERACTION_TARGET_LOST | target='ash_milk_fern_01'[0m
[32m[2026-04-25 11:06:36,287] [INFO] [src.core.game] COMMUNICATOR_TOGGLED | open=True[0m
[32m[2026-04-25 11:06:45,292] [INFO] [src.core.game] QUIT_REQUESTED_FROM_COMMUNICATOR[0m
[95m[2026-04-25 11:06:45,314] [DEBUG] [src.ui.text_renderer] FONT_UNLOADED | file='assets/fonts/PressStart2P-Regular.ttf'[0m
[92m[2026-04-25 11:06:45,336] [INFO] [src.core.app] APP_STOPPED[0m
[97m[2026-04-25 11:06:46,319] [INFO] [src.systems.log_system] LOGGING_CONFIGURED | level_name='DEBUG' | console_colors=True | file_logging=True | ansi_in_file=True | biota_logging=True | biota_file_logging=True[0m
[32m[2026-04-25 11:06:46,324] [INFO] [src.world.tiled_loader] MAP_LOADED | map_id='vertical_slice_01' | width=360 | height=36 | tile_width=16 | tile_height=16 | tile_layers=3 | object_layers=11[0m
[32m[2026-04-25 11:06:46,325] [INFO] [src.core.project_validation] PROJECT_VALIDATION_PASSED[0m
[33m[2026-04-25 11:06:46,413] [INFO] [src.systems.localization_system] I18N_BUNDLE_LOADED | language='eng' | file='eng.lng' | entries=248[0m
[33m[2026-04-25 11:06:46,413] [INFO] [src.systems.localization_system] I18N_BUNDLE_LOADED | language='ukr' | file='ukr.lng' | entries=248[0m
[33m[2026-04-25 11:06:46,414] [INFO] [src.systems.localization_system] I18N_BUNDLE_LOADED | language='rus' | file='rus.lng' | entries=248[0m
[95m[2026-04-25 11:06:46,415] [INFO] [src.ui.text_renderer] FONT_LOADED | file='PressStart2P-Regular.ttf' | glyphs=170 | base_size=8 | spacing=1.0[0m
[36m[2026-04-25 11:06:46,416] [INFO] [src.systems.camera_system] CAMERA_PROFILE_CHANGED | previous='default_exploration' | current='default_exploration' | trigger='none' | zoom=1.0 | follow_speed=0.085 | look_ahead_x=22.0[0m
[36m[2026-04-25 11:06:46,416] [INFO] [src.systems.camera_system] CAMERA_RENDER_PIXEL_SNAP_ENABLED[0m
[32m[2026-04-25 11:06:46,416] [INFO] [src.systems.journal_system] JOURNAL_ENTRIES_LOADED | entries=20[0m
[32m[2026-04-25 11:06:46,421] [INFO] [src.world.tiled_loader] MAP_LOADED | map_id='vertical_slice_01' | width=360 | height=36 | tile_width=16 | tile_height=16 | tile_layers=3 | object_layers=11[0m
[32m[2026-04-25 11:06:46,421] [INFO] [src.core.game] START_MAP_LOADED | path='/home/dimas/Downloads/v8_hud_centered_layout_fix_full/assets/maps/vertical_slice_01.tmx' | map_id='vertical_slice_01'[0m
[37m[2026-04-25 11:06:46,422] [INFO] [src.core.game] PLAYER_SPAWNED | x=72.0 | y=432.0[0m
[92m[2026-04-25 11:06:46,422] [INFO] [src.core.game] GAME_INITIALIZED | map_id='vertical_slice_01'[0m
[92m[2026-04-25 11:06:46,422] [INFO] [src.core.app] APP_STARTED | window_width=1920 | window_height=1080 | internal_width=960 | internal_height=540 | pause_on_focus_lost=True | max_delta_time=0.0333333333[0m
[92m[2026-04-25 11:06:46,422] [INFO] [src.core.app] APP_FOCUS_GAINED[0m
[36m[2026-04-25 11:06:46,422] [INFO] [src.systems.camera_system] CAMERA_PROFILE_CHANGED | previous='default_exploration' | current='recovery_pocket' | trigger='crash_wake_safe_start' | zoom=1.08 | follow_speed=0.075 | look_ahead_x=18.0[0m
[92m[2026-04-25 11:06:46,447] [DEBUG] [src.core.app] APP_DELTA_TIME_CLAMPED | raw_delta_time=0.041804 | clamped_delta_time=0.033333[0m
[34m[2026-04-25 11:06:47,826] [DEBUG] [src.core.game] USER_JUMPED | x=78.18243616819382 | y=432.0 | velocity_y=-255.0[0m
[94m[2026-04-25 11:06:47,955] [DEBUG] [src.systems.interaction_system] INTERACTION_AVAILABLE | target='capsule_wake_point' | distance_sq=1004.788[0m
[97m[2026-04-25 11:06:47,956] [DEBUG] [src.systems.interaction_system] BIOTA_OBSERVATION_CAPSULE_WAKE_POINT_PLAYER_NEARBY | distance_sq=1004.788 | entity='capsule_wake_point'[0m
[94m[2026-04-25 11:06:48,343] [DEBUG] [src.systems.interaction_system] INTERACTION_TARGET_LOST | target='capsule_wake_point'[0m
[34m[2026-04-25 11:07:03,389] [DEBUG] [src.core.game] USER_JUMPED | x=111.4245754480362 | y=432.0 | velocity_y=-255.0[0m
[94m[2026-04-25 11:07:03,389] [DEBUG] [src.systems.interaction_system] INTERACTION_AVAILABLE | target='capsule_wake_point' | distance_sq=836.426[0m
[97m[2026-04-25 11:07:03,389] [DEBUG] [src.systems.interaction_system] BIOTA_OBSERVATION_CAPSULE_WAKE_POINT_PLAYER_NEARBY | distance_sq=836.426 | entity='capsule_wake_point'[0m
[34m[2026-04-25 11:07:04,242] [DEBUG] [src.core.game] USER_JUMPED | x=128.00502759218216 | y=432.0 | velocity_y=-255.0[0m
[32m[2026-04-25 11:07:04,554] [INFO] [src.core.game] COMMUNICATOR_TOGGLED | open=True[0m
[32m[2026-04-25 11:07:07,604] [INFO] [src.core.game] COMMUNICATOR_CLOSED[0m
[32m[2026-04-25 11:07:08,193] [INFO] [src.core.game] COMMUNICATOR_TOGGLED | open=True[0m
[32m[2026-04-25 11:07:10,776] [INFO] [src.core.game] QUIT_REQUESTED_FROM_COMMUNICATOR[0m
[95m[2026-04-25 11:07:10,798] [DEBUG] [src.ui.text_renderer] FONT_UNLOADED | file='assets/fonts/PressStart2P-Regular.ttf'[0m
[92m[2026-04-25 11:07:10,820] [INFO] [src.core.app] APP_STOPPED[0m
